jinzhilin@jinzhilin-VirtualBox:~/Desktop/opencv-3.4.1/build$ cd

jinzhilin@jinzhilin-VirtualBox:~$ ls
Desktop  Documents  Downloads  meixi  Music  Pictures  Public  snap  Templates  Videos

jinzhilin@jinzhilin-VirtualBox:~$ cd Desktop

jinzhilin@jinzhilin-VirtualBox:~/Desktop$ ls
Cmaketest  opencv-3.4.1  opencv_cut

jinzhilin@jinzhilin-VirtualBox:~/Desktop$ cd opencv-3.4.1

jinzhilin@jinzhilin-VirtualBox:~/Desktop/opencv-3.4.1$ mkdir build output

jinzhilin@jinzhilin-VirtualBox:~/Desktop/opencv-3.4.1$ cd build

jinzhilin@jinzhilin-VirtualBox:~/Desktop/opencv-3.4.1/build$ cmake ../ -DOPENCV_FORCE_3RDPARTY_BUILD=ON -DBUILD_ZLIB=ON -DWITH_GTK=OFF -DBUILD_SHARED_LIBS=ON -DCMAKE_BUILD_TYPE=RELEASE -DCMAKE_INSTALL_PREFIX=../output
-- Could NOT find PythonInterp (missing: PYTHON_EXECUTABLE) (Required is at least version "2.7")
-- Could NOT find PythonInterp (missing: PYTHON_EXECUTABLE) (Required is at least version "2.6")
-- Looking for ccache - not found
-- Checking for module 'gstreamer-base-1.0'
--   No package 'gstreamer-base-1.0' found
-- Checking for module 'gstreamer-video-1.0'
--   No package 'gstreamer-video-1.0' found
-- Checking for module 'gstreamer-app-1.0'
--   No package 'gstreamer-app-1.0' found
-- Checking for module 'gstreamer-riff-1.0'
--   No package 'gstreamer-riff-1.0' found
-- Checking for module 'gstreamer-pbutils-1.0'
--   No package 'gstreamer-pbutils-1.0' found
-- Checking for module 'gstreamer-base-0.10'
--   No package 'gstreamer-base-0.10' found
-- Checking for module 'gstreamer-video-0.10'
--   No package 'gstreamer-video-0.10' found
-- Checking for module 'gstreamer-app-0.10'
--   No package 'gstreamer-app-0.10' found
-- Checking for module 'gstreamer-riff-0.10'
--   No package 'gstreamer-riff-0.10' found
-- Checking for module 'gstreamer-pbutils-0.10'
--   No package 'gstreamer-pbutils-0.10' found
-- Checking for module 'libdc1394-2'
--   No package 'libdc1394-2' found
-- Checking for module 'libdc1394'
--   No package 'libdc1394' found
-- Looking for linux/videodev.h
-- Looking for linux/videodev.h - not found
-- Looking for linux/videodev2.h
-- Looking for linux/videodev2.h - found
-- Looking for sys/videoio.h
-- Looking for sys/videoio.h - not found
-- Checking for module 'libavresample'
--   No package 'libavresample' found
-- Checking for module 'libgphoto2'
--   No package 'libgphoto2' found
-- IPPICV: Download: ippicv_2017u3_lnx_intel64_general_20170822.tgz
-- 
=======================================================================
  Couldn't download files from the Internet.
  Please check the Internet access on this host.
=======================================================================

CMake Warning at cmake/OpenCVDownload.cmake:190 (message):
  IPPICV: Download failed: 6;"Couldn't resolve host name"

  For details please refer to the download log file:

  /home/jinzhilin/Desktop/opencv-3.4.1/build/CMakeDownloadLog.txt

Call Stack (most recent call first):
  3rdparty/ippicv/ippicv.cmake:42 (ocv_download)
  cmake/OpenCVFindIPP.cmake:243 (download_ippicv)
  cmake/OpenCVFindLibsPerf.cmake:12 (include)
  CMakeLists.txt:637 (include)


-- Could not find OpenBLAS include. Turning OpenBLAS_FOUND off
-- Could not find OpenBLAS lib. Turning OpenBLAS_FOUND off
-- Could NOT find Atlas (missing: Atlas_CBLAS_INCLUDE_DIR Atlas_CLAPACK_INCLUDE_DIR Atlas_CBLAS_LIBRARY Atlas_BLAS_LIBRARY Atlas_LAPACK_LIBRARY) 
-- Could NOT find BLAS (missing: BLAS_LIBRARIES) 
-- Could NOT find LAPACK (missing: LAPACK_LIBRARIES) 
    Reason given by package: LAPACK could not be found because dependency BLAS could not be found.

-- Could NOT find JNI (missing: JAVA_AWT_LIBRARY JAVA_JVM_LIBRARY JAVA_INCLUDE_PATH JAVA_INCLUDE_PATH2 JAVA_AWT_INCLUDE_PATH) 
-- Could NOT find Matlab (missing: MATLAB_MEX_SCRIPT MATLAB_INCLUDE_DIRS MATLAB_ROOT_DIR MATLAB_LIBRARIES MATLAB_LIBRARY_DIRS MATLAB_MEXEXT MATLAB_ARCH MATLAB_BIN) 
-- VTK is not found. Please set -DVTK_DIR in CMake to VTK build directory, or to VTK install subdirectory with VTKConfig.cmake file
-- 
-- General configuration for OpenCV 3.4.1 =====================================
--   Version control:               unknown
-- 
--   Platform:
--     Timestamp:                   2024-04-22T01:22:43Z
--     Host:                        Linux 6.5.0-26-generic x86_64
--     CMake:                       3.22.1
--     CMake generator:             Unix Makefiles
--     CMake build tool:            /usr/bin/gmake
--     Configuration:               RELEASE
-- 
--   CPU/HW features:
--     Baseline:                    SSE SSE2 SSE3
--       requested:                 SSE3
--     Dispatched code generation:  SSE4_1 SSE4_2 FP16 AVX AVX2 AVX512_SKX
--       requested:                 SSE4_1 SSE4_2 AVX FP16 AVX2 AVX512_SKX
--       SSE4_1 (3 files):          + SSSE3 SSE4_1
--       SSE4_2 (1 files):          + SSSE3 SSE4_1 POPCNT SSE4_2
--       FP16 (2 files):            + SSSE3 SSE4_1 POPCNT SSE4_2 FP16 AVX
--       AVX (5 files):             + SSSE3 SSE4_1 POPCNT SSE4_2 AVX
--       AVX2 (9 files):            + SSSE3 SSE4_1 POPCNT SSE4_2 FP16 FMA3 AVX AVX2
--       AVX512_SKX (1 files):      + SSSE3 SSE4_1 POPCNT SSE4_2 FP16 FMA3 AVX AVX2 AVX_512F AVX512_SKX
-- 
--   C/C++:
--     Built as dynamic libs?:      YES
--     C++11:                       YES
--     C++ Compiler:                /usr/bin/c++  (ver 9.5.0)
--     C++ flags (Release):         -fsigned-char -W -Wall -Werror=return-type -Werror=non-virtual-dtor -Werror=address -Werror=sequence-point -Wformat -Werror=format-security -Wmissing-declarations -Wundef -Winit-self -Wpointer-arith -Wshadow -Wsign-promo -Wuninitialized -Winit-self -Wno-narrowing -Wno-delete-non-virtual-dtor -Wno-comment -Wno-implicit-fallthrough -fdiagnostics-show-option -Wno-long-long -pthread -fomit-frame-pointer -ffunction-sections -fdata-sections  -msse -msse2 -msse3 -fvisibility=hidden -fvisibility-inlines-hidden -O3 -DNDEBUG  -DNDEBUG
--     C++ flags (Debug):           -fsigned-char -W -Wall -Werror=return-type -Werror=non-virtual-dtor -Werror=address -Werror=sequence-point -Wformat -Werror=format-security -Wmissing-declarations -Wundef -Winit-self -Wpointer-arith -Wshadow -Wsign-promo -Wuninitialized -Winit-self -Wno-narrowing -Wno-delete-non-virtual-dtor -Wno-comment -Wno-implicit-fallthrough -fdiagnostics-show-option -Wno-long-long -pthread -fomit-frame-pointer -ffunction-sections -fdata-sections  -msse -msse2 -msse3 -fvisibility=hidden -fvisibility-inlines-hidden -g  -O0 -DDEBUG -D_DEBUG
--     C Compiler:                  /usr/bin/cc
--     C flags (Release):           -fsigned-char -W -Wall -Werror=return-type -Werror=non-virtual-dtor -Werror=address -Werror=sequence-point -Wformat -Werror=format-security -Wmissing-declarations -Wmissing-prototypes -Wstrict-prototypes -Wundef -Winit-self -Wpointer-arith -Wshadow -Wuninitialized -Winit-self -Wno-narrowing -Wno-comment -Wno-implicit-fallthrough -fdiagnostics-show-option -Wno-long-long -pthread -fomit-frame-pointer -ffunction-sections -fdata-sections  -msse -msse2 -msse3 -fvisibility=hidden -O3 -DNDEBUG  -DNDEBUG
--     C flags (Debug):             -fsigned-char -W -Wall -Werror=return-type -Werror=non-virtual-dtor -Werror=address -Werror=sequence-point -Wformat -Werror=format-security -Wmissing-declarations -Wmissing-prototypes -Wstrict-prototypes -Wundef -Winit-self -Wpointer-arith -Wshadow -Wuninitialized -Winit-self -Wno-narrowing -Wno-comment -Wno-implicit-fallthrough -fdiagnostics-show-option -Wno-long-long -pthread -fomit-frame-pointer -ffunction-sections -fdata-sections  -msse -msse2 -msse3 -fvisibility=hidden -g  -O0 -DDEBUG -D_DEBUG
--     Linker flags (Release):      
--     Linker flags (Debug):        
--     ccache:                      NO
--     Precompiled headers:         YES
--     Extra dependencies:          dl m pthread rt
--     3rdparty dependencies:
-- 
--   OpenCV modules:
--     To be built:                 calib3d core dnn features2d flann highgui imgcodecs imgproc java_bindings_generator ml objdetect photo python_bindings_generator shape stitching superres ts video videoio videostab
--     Disabled:                    js world
--     Disabled by dependency:      -
--     Unavailable:                 cudaarithm cudabgsegm cudacodec cudafeatures2d cudafilters cudaimgproc cudalegacy cudaobjdetect cudaoptflow cudastereo cudawarping cudev java python2 python3 viz
--     Applications:                tests perf_tests apps
--     Documentation:               NO
--     Non-free algorithms:         NO
-- 
--   GUI: 
--     VTK support:                 NO
-- 
--   Media I/O: 
--     ZLib:                        zlib (ver 1.2.11)
--     JPEG:                        /usr/lib/x86_64-linux-gnu/libjpeg.so (ver )
--     WEBP:                        build (ver encoder: 0x020e)
--     PNG:                         /usr/lib/x86_64-linux-gnu/libpng.so (ver 1.6.37)
--     TIFF:                        /usr/lib/x86_64-linux-gnu/libtiff.so (ver 42 / 4.3.0)
--     JPEG 2000:                   /usr/lib/x86_64-linux-gnu/libjasper.so (ver 1.900.1)
--     OpenEXR:                     build (ver 1.7.1)
-- 
--   Video I/O:
--     DC1394:                      NO
--     FFMPEG:                      YES
--       avcodec:                   YES (ver 58.134.100)
--       avformat:                  YES (ver 58.76.100)
--       avutil:                    YES (ver 56.70.100)
--       swscale:                   YES (ver 5.9.100)
--       avresample:                NO
--     GStreamer:                   NO
--     libv4l/libv4l2:              NO
--     v4l/v4l2:                    linux/videodev2.h
--     gPhoto2:                     NO
-- 
--   Parallel framework:            pthreads
-- 
--   Trace:                         YES (with Intel ITT)
-- 
--   Other third-party libraries:
--     Lapack:                      NO
--     Eigen:                       NO
--     Custom HAL:                  NO
--     Protobuf:                    build (3.5.1)
-- 
--   NVIDIA CUDA:                   NO
-- 
--   OpenCL:                        YES (no extra features)
--     Include path:                /home/jinzhilin/Desktop/opencv-3.4.1/3rdparty/include/opencl/1.2
--     Link libraries:              Dynamic load
-- 
--   Python (for build):            /usr/bin/python3
-- 
--   Java:                          
--     ant:                         NO
--     JNI:                         NO
--     Java wrappers:               NO
--     Java tests:                  NO
-- 
--   Matlab:                        NO
-- 
--   Install to:                    /home/jinzhilin/Desktop/opencv-3.4.1/output
-- -----------------------------------------------------------------
-- 
-- Configuring done
-- Generating done
-- Build files have been written to: /home/jinzhilin/Desktop/opencv-3.4.1/build

jinzhilin@jinzhilin-VirtualBox:~/Desktop/opencv-3.4.1/build$ make && make install

